2026-07-30 20:23:33,798 - INFO - Jarvis system initializing...
2026-07-30 20:23:38,048 - WARNING - Unknown command attempted: 'hello'
2026-07-30 20:23:49,979 - INFO - Shutting down systems. Goodbye!
2026-07-30 20:59:48,701 - INFO - Jarvis system initializing...
2026-07-30 20:59:54,033 - INFO - Successfully launched Firefox via subprocess.
2026-07-30 20:59:54,033 - INFO - Executed command: browser
2026-07-30 21:00:02,745 - WARNING - Unknown command attempted: 'hello'
2026-07-30 21:00:06,442 - INFO - Shutting down systems. Goodbye!
2026-07-30 22:49:30,937 - INFO - Jarvis system initializing...
2026-07-30 22:49:41,715 - INFO - Successfully launched Firefox via subprocess.
2026-07-30 22:49:41,715 - INFO - Executed command: browser
2026-07-30 23:33:42,703 - INFO - Shutting down systems. Goodbye!
2026-07-30 23:43:51,068 - INFO - Jarvis system initializing...
2026-07-30 23:43:58,416 - WARNING - Unknown command attempted: 'hello'
2026-07-30 23:44:26,749 - INFO - Executed command: time
2026-07-30 23:44:31,821 - WARNING - Unknown command attempted: 'broswer'
2026-07-30 23:44:37,931 - INFO - Successfully launched Firefox via subprocess.
2026-07-30 23:44:37,931 - INFO - Executed command: browser
2026-07-30 23:45:02,293 - INFO - Checked RAM: 2.65GB free out of 7.08GB
2026-07-30 23:45:02,293 - INFO - Executed command: ram
2026-07-30 23:45:10,467 - INFO - Shutting down systems. Goodbye!
2026-07-31 00:25:52,043 - INFO - Jarvis system initializing...
2026-07-31 00:26:03,330 - INFO - Successfully fetched the top headline from CNN Lite.
2026-07-31 00:26:03,331 - INFO - Executed command: news
2026-07-31 00:26:10,768 - WARNING - Unknown command attempted: 'youtube'
2026-07-31 00:26:21,748 - INFO - Successfully launched Firefox via subprocess.
2026-07-31 00:26:21,748 - INFO - Executed command: browser
2026-07-31 00:26:28,987 - INFO - Shutting down systems. Goodbye!
